---
source: src/lib.rs
expression: output
---
- "_link,_link_main"
- "0.platforms.0,0"
- "1.platforms.0,1"
- "1.platforms.1,1"

