---
source: src/lib.rs
assertion_line: 2209
expression: "&value"

---
profile: tabular-data-package
resources:
  - profile: tabular-data-resource
    name: main
    flatterer_name: main
    title: main
    schema:
      fields:
        - name: _link
          title: _link
          type: string
          count: 1
        - name: aaa_foo
          title: aaa_foo
          type: string
          count: 1
      primaryKey: _link
    path: csv/main.csv

