---
source: src/lib.rs
assertion_line: 2014
expression: output
---
- "_link,id,title,releaseDate,rating_code,rating_name"
- "prefix_0,1,A Game,2015-01-01,E,Everyone"
- "prefix_1,2,B Game,2016-01-01,E,Everyone"

