---
source: src/lib.rs
expression: output

---
- _link
- "0"

