---
source: src/lib.rs
expression: "&value"
---
profile: tabular-data-package
resources:
  - profile: tabular-data-resource
    name: main
    flatterer_name: main
    title: main
    schema:
      fields:
        - name: _link
          title: _link
          type: integer
          format: integer
          count: 2
        - name: id
          title: id
          type: number
          format: number
          count: 2
        - name: rating_code
          title: rating_code
          type: string
          format: string
          count: 2
        - name: rating_name
          title: rating_name
          type: string
          format: string
          count: 2
      primaryKey: _link
    path: csv/main.csv
  - profile: tabular-data-resource
    name: platforms
    flatterer_name: platforms
    title: platforms
    schema:
      fields:
        - name: _link
          title: _link
          type: string
          format: string
          count: 3
        - name: _link_main
          title: _link_main
          type: integer
          format: integer
          count: 3
        - name: name
          title: name
          type: string
          format: string
          count: 3
      primaryKey: _link
      foreignKeys:
        - fields: _link_main
          reference:
            resource: main
            fields: _link
    path: csv/platforms.csv

