---
source: src/lib.rs
assertion_line: 1898
expression: output

---
- "_link,_link_main,id,rating_code,rating_name"
- "0.moreGames.0,0,1,E,Everyone"
- "0.moreGames.1,0,2,E,Everyone"

