---
source: src/lib.rs
assertion_line: 1898
expression: output

---
- "table_name,field_name,field_type,field_title,count"
- "main,_link,text,_link,1"
- "main,\u0000,text,\u0000,1"

