---
source: src/lib.rs
assertion_line: 1898
expression: output

---
- "_link,date"
- "0,2001-01-01"

