---
source: src/lib.rs
expression: output
---
- "_link,_link_prefix_games,_link_prefix_main,name"
- "0.games.0.platforms.0,0.games.0,0,PC"
- "0.games.1.platforms.0,0.games.1,0,Xbox"
- "0.games.1.platforms.1,0.games.1,0,Playstation"

