---
source: src/lib.rs
assertion_line: 1898
expression: output

---
- "_link,id,title,releaseDate,rating_code,rating_name"
- "0,1,A Game,2015-01-01,E,Everyone"
- "1,2,B Game,2016-01-01,E,Everyone"

