---
source: src/lib.rs
expression: output

---
- "table_name,table_title"
- "games,games"
- "games_developer,games_developer"
- "games_platforms,games_platforms"
- "main,main"

