---
source: src/lib.rs
expression: output

---
- "table_name,table_title"
- "games,games"
- "games_platforms,games_platforms"
- "moreGames,moreGames"
- "moreGames_platforms,moreGames_platforms"
- "main,main"

