---
source: src/lib.rs
expression: output
---
- "id,title,releaseDate,rating_code,rating_name"
- "1,A Game,2015-01-01,E,Everyone"
- "2,B Game,2016-01-01,E,Everyone"

