---
source: src/lib.rs
assertion_line: 2014
expression: output
---
- "_link,_link_main,name"
- "0.platforms.0,0,PC"
- "1.platforms.0,1,Xbox"
- "1.platforms.1,1,Playstation"

